// Jest Snapshot v1, https://goo.gl/fbAQLP

exports[`Login Screen should renders \`Login Screen\` module correctly 1`] = `ShallowWrapper {}`;
